[BUG]: file "C:\Users\39148.MJSDM\workspace\repos\winactor-for-wmc\src\winactor_for_wmc\_vendor\idna\intranges.py" doesn't exists

## Command Line
C:\Users\39148.MJSDM\workspace\repos\winactor-for-wmc\.venv\Scripts\pyarmor gen -r --platform windows.x86 -O C:\Users\Public\msys-dx-adapters\libs\winactor_for_wmc C:\Users\39148.MJSDM\workspace\repos\winactor-for-wmc\src\winactor_for_wmc

## Environments
Python 3.14.2
Pyarmor 9.2.3 (pro), 011041, MSYS-DX Adapters
Platform windows.x86
Native windows.amd64
Home C:\Users\MSY11410\.pyarmor

## Traceback
Traceback (most recent call last):
  File "C:\Users\39148.MJSDM\workspace\repos\winactor-for-wmc\.venv\Lib\site-packages\pyarmor\cli\__main__.py", line 796, in main
    main_entry(sys.argv[1:])
    ~~~~~~~~~~^^^^^^^^^^^^^^
  File "C:\Users\39148.MJSDM\workspace\repos\winactor-for-wmc\.venv\Lib\site-packages\pyarmor\cli\__main__.py", line 789, in main_entry
    return args.func(ctx, args)
           ~~~~~~~~~^^^^^^^^^^^
  File "C:\Users\39148.MJSDM\workspace\repos\winactor-for-wmc\.venv\Lib\site-packages\pyarmor\cli\__main__.py", line 248, in cmd_gen
    builder.process(options)
    ~~~~~~~~~~~~~~~^^^^^^^^^
  File "C:\Users\39148.MJSDM\workspace\repos\winactor-for-wmc\.venv\Lib\site-packages\pyarmor\cli\generate.py", line 188, in process
    self._obfuscate_scripts()
    ~~~~~~~~~~~~~~~~~~~~~~~^^
  File "C:\Users\39148.MJSDM\workspace\repos\winactor-for-wmc\.venv\Lib\site-packages\pyarmor\cli\generate.py", line 144, in _obfuscate_scripts
    code = Pytransform3.generate_obfuscated_script(self.ctx, r)
  File "C:\Users\39148.MJSDM\workspace\repos\winactor-for-wmc\.venv\Lib\site-packages\pyarmor\cli\core\__init__.py", line 95, in generate_obfuscated_script
    return m.generate_obfuscated_script(ctx, res)
           ~~~~~~~~~~~~~~~~~~~~~~~~~~~~^^^^^^^^^^
  File "<maker>", line 728, in generate_obfuscated_script
  File "C:\Users\39148.MJSDM\workspace\repos\winactor-for-wmc\.venv\Lib\site-packages\pyarmor\cli\__init__.py", line 16, in process
    return meth(self, res, *args, **kwargs)
  File "<maker>", line 518, in process
  File "C:\Users\39148.MJSDM\workspace\repos\winactor-for-wmc\.venv\Lib\site-packages\pyarmor\cli\resource.py", line 144, in readlines
    raise RuntimeError('file "%s" doesn\'t exists' % self.fullpath)
RuntimeError: file "C:\Users\39148.MJSDM\workspace\repos\winactor-for-wmc\src\winactor_for_wmc\_vendor\idna\intranges.py" doesn't exists


